Script started on Tue 08 Mar 2022 07:36:30 PM EST
]0;Adnaan.Syed20@sol26:~/cisc3140/lab_2[?1034h[Adnaan.Syed20@sol26 lab_2]$ sc[K[Ksqlite3 con[K[K[KcarContestLab.db 
SQLite version 3.7.17 2013-05-20 00:56:22
Enter ".help" for instructions
Enter SQL statements terminated with a ";"
[?1034hsqlite> --Have to createa [K[K[K[K[K[K[K[K[K[K[K[K[K[K[K[K[K[Ksdfgsdfg[K[K[K[K[K[K[K[KCREATE TABLE AS {[K(
   ...> SELECT Car[K[K[KCars.[K[K[K[K[K[K[K[K[K[K[K[K;
Error: near "AS": syntax error
sqlite> .tables[K[K[K[K[K[Kschea[K[Kema Cars
CREATE TABLE Cars(
Car_ID INT PRIMARY KEY,
Year INT,
Make TEXT,
Model TEXT,
Name TEXT,
Email TEXT
);
sqlite> .schema Car_s[KScore[Ke[K[K[K[K[K[K[K[K[K[K[K[K[K[K[K[K[KALTER TABLE Car[K[K[K[K[K[K[K[K[K[K[K[K[K[K[K.schema Cars_[K[K_Score
CREATE TABLE Car_Score(
Car_ID INT PRIMARY KEY,
Racer_Turbo INT,
Racer_Supercharged INT,
Racer_Performance INT,
Racer_Horsepower INT,
Car_Overall INT,
Engine_Modifications INT,
Engine_Performance INT,
Engine_Chrome INT, 
Engine_Detailing INT,
Engine_Cleanliness INT,
Body_Frame_Undercarriage INT,
Body_Frame_Suspension INT,
Body_Frame_Chrome INT,
Body_Frame_Detailing INT,
Body_Frame_Cleanliness INT,
Mods_Paint INT,
Mods_Body INT,
Mods_Wrap INT,
Mods_Rims INT,
Mods_Interior INT,
Mods_Other INT,
Mods_ICE INT,
Mods_Aftermarket INT,
Mods_WIP INT,
Mods_Overall INT
);
sqlite> .tables
Car_Score       Judges          contestData   
Cars            allContestData  csvData       
sqlite> ALTER TABLE Car_Score 
   ...> S[KADD COLUMN Scores INT;
sqlite> UPDATE Car_Score 
   ...> SET Scores - ==[K[K[K[K[K = (Racer_Turbo + Racer_Supercharged + Racer_Performance + Racer_Horsepower + Car_Overall + Engine_Modifi cations + Engine_Performance + Engine_Chrome + Engine_Detailing + Engine_Cleanliness + Body_Frame_Undercarriage + Body_Fram e_Suspension + Body_Frame_Chrome + Body_Frame_Detailing + Body_Frame_Cleanliness + Mods_Paint + Mods_Body + Mods_Wrap + Mod s_Rims + Mods_Interior + Mods_Other + Mods_ICE + Mods_Aftermarket + Mods_WIP + Mods_Overall);
sqlite> SELECT * FROM Car_Score LIMIT 5;
48|0|0|2|2|4|4|0|2|4|4|2|4|2|2|2|2|2|0|4|4|4|6|2|0|4|62
124|0|6|4|2|4|6|6|4|4|4|6|6|6|6|6|4|6|6|6|6|6|4|6|4|6|124
222|0|0|0|0|0|0|0|0|6|6|6|0|0|6|6|6|0|0|0|0|0|0|0|0|4|40
207|0|0|2|2|2|2|2|2|0|4|2|2|2|2|2|2|4|2|2|0|0|0|2|2|0|40
167|0|0|2|2|0|2|2|0|0|0|0|2|0|2|2|2|0|0|2|0|0|0|0|0|2|20
sqlite> .MODE LI[K[K[K[K[K[K[K[K.mode line
sqlite> .mode line
sqlite> .mode line[C[C[C[C[C[C[C[CSELECT * FROM Car_Score LIMIT 5;
                  Car_ID = 48
             Racer_Turbo = 0
      Racer_Supercharged = 0
       Racer_Performance = 2
        Racer_Horsepower = 2
             Car_Overall = 4
    Engine_Modifications = 4
      Engine_Performance = 0
           Engine_Chrome = 2
        Engine_Detailing = 4
      Engine_Cleanliness = 4
Body_Frame_Undercarriage = 2
   Body_Frame_Suspension = 4
       Body_Frame_Chrome = 2
    Body_Frame_Detailing = 2
  Body_Frame_Cleanliness = 2
              Mods_Paint = 2
               Mods_Body = 2
               Mods_Wrap = 0
               Mods_Rims = 4
           Mods_Interior = 4
              Mods_Other = 4
                Mods_ICE = 6
        Mods_Aftermarket = 2
                Mods_WIP = 0
            Mods_Overall = 4
                  Scores = 62

                  Car_ID = 124
             Racer_Turbo = 0
      Racer_Supercharged = 6
       Racer_Performance = 4
        Racer_Horsepower = 2
             Car_Overall = 4
    Engine_Modifications = 6
      Engine_Performance = 6
           Engine_Chrome = 4
        Engine_Detailing = 4
      Engine_Cleanliness = 4
Body_Frame_Undercarriage = 6
   Body_Frame_Suspension = 6
       Body_Frame_Chrome = 6
    Body_Frame_Detailing = 6
  Body_Frame_Cleanliness = 6
              Mods_Paint = 4
               Mods_Body = 6
               Mods_Wrap = 6
               Mods_Rims = 6
           Mods_Interior = 6
              Mods_Other = 6
                Mods_ICE = 4
        Mods_Aftermarket = 6
                Mods_WIP = 4
            Mods_Overall = 6
                  Scores = 124

                  Car_ID = 222
             Racer_Turbo = 0
      Racer_Supercharged = 0
       Racer_Performance = 0
        Racer_Horsepower = 0
             Car_Overall = 0
    Engine_Modifications = 0
      Engine_Performance = 0
           Engine_Chrome = 0
        Engine_Detailing = 6
      Engine_Cleanliness = 6
Body_Frame_Undercarriage = 6
   Body_Frame_Suspension = 0
       Body_Frame_Chrome = 0
    Body_Frame_Detailing = 6
  Body_Frame_Cleanliness = 6
              Mods_Paint = 6
               Mods_Body = 0
               Mods_Wrap = 0
               Mods_Rims = 0
           Mods_Interior = 0
              Mods_Other = 0
                Mods_ICE = 0
        Mods_Aftermarket = 0
                Mods_WIP = 0
            Mods_Overall = 4
                  Scores = 40

                  Car_ID = 207
             Racer_Turbo = 0
      Racer_Supercharged = 0
       Racer_Performance = 2
        Racer_Horsepower = 2
             Car_Overall = 2
    Engine_Modifications = 2
      Engine_Performance = 2
           Engine_Chrome = 2
        Engine_Detailing = 0
      Engine_Cleanliness = 4
Body_Frame_Undercarriage = 2
   Body_Frame_Suspension = 2
       Body_Frame_Chrome = 2
    Body_Frame_Detailing = 2
  Body_Frame_Cleanliness = 2
              Mods_Paint = 2
               Mods_Body = 4
               Mods_Wrap = 2
               Mods_Rims = 2
           Mods_Interior = 0
              Mods_Other = 0
                Mods_ICE = 0
        Mods_Aftermarket = 2
                Mods_WIP = 2
            Mods_Overall = 0
                  Scores = 40

                  Car_ID = 167
             Racer_Turbo = 0
      Racer_Supercharged = 0
       Racer_Performance = 2
        Racer_Horsepower = 2
             Car_Overall = 0
    Engine_Modifications = 2
      Engine_Performance = 2
           Engine_Chrome = 0
        Engine_Detailing = 0
      Engine_Cleanliness = 0
Body_Frame_Undercarriage = 0
   Body_Frame_Suspension = 2
       Body_Frame_Chrome = 0
    Body_Frame_Detailing = 2
  Body_Frame_Cleanliness = 2
              Mods_Paint = 2
               Mods_Body = 0
               Mods_Wrap = 0
               Mods_Rims = 2
           Mods_Interior = 0
              Mods_Other = 0
                Mods_ICE = 0
        Mods_Aftermarket = 0
                Mods_WIP = 0
            Mods_Overall = 2
                  Scores = 20
sqlite> --created the scores row
sqlite> CRETE[K[KATE TABLE carRanks S[KAS {[K
   ...> SELECT[K[K[K[K[K[K(selec[K[K[K[K[KSELECT * [K[KCARS[K[K[Kars.Car_ID, Cars.Year, Cars.Make, Cars.Model, Car_Score.score[K[K[K[K[KScores
   ...> FROM Cars
   ...> JOIN Car_Score
   ...> ON Cars.Car_ID = Car_Score. [KCarID);
Error: near "(": syntax error
sqlite> CREATE TABLE active_employees AS 
   ...>   SELECT *
   ...>   FROM employees
   ...>   WHERE hire_date IS NOT NULL;
Error: no such table: employees
sqlite> CRETE [K[K[K[K[K[KCREATE [K[K[K[K[K[K[KC[K--above was just an example from the internet i was trying to test
sqlite> --above was just an example from the internet i was trying to test[C[C[C[C[C[C[C[C[36P  WHERE hire_date IS NOT NULL;[C[C[C[C[C[C[C[C--above was just an example from the internet i was trying to test[C[C[C[C[C[C[C[C[KCREATE TABLE carRank [K[KKS[K[Kks AS 
   ...> SE[K[K
carContestLab.db  data_lab2/        firstLog          secondLog         
   ...> CREATE TABLE carRanks AS [C[C[C[C[C[C[C[C--above was just an example from the internet i was trying to test[C[C[C[C[C[C[C[C[36P  WHERE hire_date IS NOT NULL;[C[C[C[C[C[C[C[C--above was just an example from the internet i was trying to test[C[C[C[C[C[C[C[C[41PCREATE TABLE carRanks AS [C[C[C[C[C[C[C[C[K
   ...> ;
Error: near ";": syntax error
sqlite> ;CREATE TABLE carRanks AS 
   ...> N[K selec[K[K[K[K[KSELECT * 
   ...>  FROM [K[K[K[K[K[K SELECT * [K;
Error: no tables specified
sqlite> ; SELECT * [C[C[C[C[C[C[C[C[15@CREATE TABLE carRanks AS[C
   ...> CREATE TABLE carRanks AS [C[C[C[C[C[C[C[C;[K SELECT * [K[KSELECT Cars.Car_ID, Cars.Year, Cars.Make, Cars.Model, Car_Score.Scores[1P[1P[1P[1P[1P[1P[1P[C[C[C[C[C[C[C[C[C[C[C[C[C[C[C[C[C[C[C[C[C[C[C[C[C[C[C[C[C[C[C[C[C[C[C[C[C[C[C[C[C[C[C[C[C[C[C[C[C[C[C[C[C[C[C[C[C[C[C[C[C[C[C
   ...>  FROM SCOR[K[K[K[KCars
   ...>  JOIN c[KCar_Score 
   ...>  ON Cars.Car_ID = Car_Score.Car(D[K[KID[K[K_ID;
sqlite>  ON Cars.Car_ID = Car_Score.Car_ID;[C[C[C[C[C[C[C[C[C[19PJOIN Car_Score [C[C[C[C[C[C[C[C[CON Cars.Car_ID = Car_Score.Car_ID;[C[C[C[C[C[C[C[C[K.[KSELEC [Kt * [K[K[K[K[K[K[K[K[K.MODE [K[K[K[K[K[K.mode line[K[K[K[Kcoluns[K[Kmns
sqlite> .l[K[KS[Kselect * from carRanks limit 5;
48          2015        Acura       TLX         62        
124         2015        Jeep        Wrangler    124       
222         2015        Lexus       Is250       40        
207         1993        Honda       Civic eG    40        
167         2016        Ford        Mystang     20        
sqlite> .headers on
sqlite> .headers on[C[C[C[C[C[C[C[Cselect * from carRanks limit 5;
Car_ID      Year        Make        Model       Scores    
----------  ----------  ----------  ----------  ----------
48          2015        Acura       TLX         62        
124         2015        Jeep        Wrangler    124       
222         2015        Lexus       Is250       40        
207         1993        Honda       Civic eG    40        
167         2016        Ford        Mystang     20        
sqlite> select * from carRanks limit 5;[C[C[C[C[C[C[C[C[20P.headers on[C[C[C[C[C[C[C[Cselect * from carRanks limit 5; ;O;R;D;E;R; ;B;Y; ;[1P;[1P;[1P;[1P;[1P;[1P;[1P;[1P;[1P;[1P;[1P;[1P;[1P;[1P;[1P;[1P;[1P;O;R;D;E;R; ;B;Y; ;S;c;o;r;e;s; ;D;E;S;C; ;l;i;m;i;t; ;5;
Car_ID      Year        Make        Model       Scores    
----------  ----------  ----------  ----------  ----------
128         2010        Infiniti    G37         128       
124         2015        Jeep        Wrangler    124       
15          2014        Audi        S4          120       
113         2012        Acura       Tsx sportw  116       
83          2014        Honda       Accord      112       
sqlite> ALTER[K[K[K[K[Kalter table car t[K[KRanks add column [K
   ...> Rank INT;
sqlite> .SCHE[K[K[K[K[K.schema carRanks
CREATE TABLE carRanks(
  Car_ID INT,
  Year INT,
  Make TEXT,
  Model TEXT,
  Scores INT
, Rank INT);
sqlite> SLEC[K[K[KELECT [K[K[K[K[K[K[KALTER TABLE[K[K[K[K[K[K[K[K[K[K[KSELECT rowid FROM carRanks
   ...> ;
rowid     
----------
1         
2         
3         
4         
5         
6         
7         
8         
9         
10        
11        
12        
13        
14        
15        
16        
17        
18        
19        
20        
21        
22        
23        
24        
25        
26        
27        
28        
29        
30        
31        
32        
33        
34        
35        
36        
37        
38        
39        
40        
41        
42        
43        
44        
45        
46        
47        
48        
49        
50        
51        
52        
53        
54        
55        
56        
57        
58        
59        
60        
61        
62        
63        
64        
65        
66        
67        
68        
69        
70        
71        
72        
73        
74        
75        
76        
77        
78        
79        
80        
81        
82        
83        
84        
85        
86        
87        
88        
89        
90        
91        
92        
93        
94        
95        
96        
97        
98        
99        
100       
101       
102       
103       
104       
105       
106       
107       
108       
109       
110       
111       
112       
113       
114       
115       
116       
117       
118       
119       
120       
121       
122       
123       
124       
125       
126       
127       
128       
129       
130       
131       
132       
133       
134       
135       
136       
137       
138       
139       
140       
141       
142       
143       
144       
145       
146       
147       
148       
149       
150       
151       
152       
153       
154       
155       
156       
157       
158       
159       
160       
161       
162       
163       
164       
165       
166       
167       
sqlite> S[KUPDATE TABLE carRanks[K[K[K[K[K[K[K[K[K[K[K[K[K[K[K[K[K[K[K[K[KALTER TABLE carRak[Knks
   ...> SELECT * FROM carRanks
   ...> ORDER BY Scores DESC;
Error: near "SELECT": syntax error
sqlite> c[K.tables
Car_Score       Judges          carRanks        csvData       
Cars            allContestData  contestData   
sqlite> DROP [K[K[K[K[KDROP TABLE contestData
   ...> ;
sqlite> D[K;DROP TABLE contestData[K[K[K[K[K[K[K[K[K[K[Kap[KllCpn[K[KontestData;
sqlite> CREATE TABLE ore[KderedR[K[KdRa[K[KScores AS 
   ...>  SELECT * FROM cara[KRAnks [K[K[K[K[KankS
   ...> ;
sqlite> s[Kdrop orderedScored[Ks
   ...> ;
Error: near "orderedScores": syntax error
sqlite> D[K;drop orderedScoresTorderedScoresAorderedScoresBorderedScoresLorderedScoresEorderedScores orderedScores[C[C[C[C[C[C[C[C[C[C[C[C[C;
sqlite> drop TABLE orderedScores;[C[C[C[C[C[C[C[C;[Kdrop orderedScores[C[C[C[C[C[C[C[C;[K SELECT * FROM carRankS[C[C[C[C[C[C[C[CCREATE TABLE orderedScores AS 
   ...>  SELECT * from cr[KarRAnks[K[K[K[Kanks
   ...>  ORDER BY Scores DESC;
sqlite> SLEE[K[K[KELECT * for[K[Krom orderedScores limit 5;
Car_ID      Year        Make        Model       Scores      Rank      
----------  ----------  ----------  ----------  ----------  ----------
128         2010        Infiniti    G37         128                   
124         2015        Jeep        Wrangler    124                   
15          2014        Audi        S4          120                   
113         2012        Acura       Tsx sportw  116                   
83          2014        Honda       Accord      112                   
sqlite> CREATE [K[K[K[K[K[K[Kselec[K[K[K[K[Kcreate [K[K[K[K[K[K[KINSERT INTO [K[K[K[K[K[K[K[K[K[K[K[Kupdate car[K[K[KorderedScores
   ...> set r[KRank = rowid
   ...> ;
sqlite> ;set Rank = rowid[C[C[C[C[C[C[C[Cupdate orderedScores[C[C[C[C[C[C[C[CSELECT * from orderedScores limit 5;
Car_ID      Year        Make        Model       Scores      Rank      
----------  ----------  ----------  ----------  ----------  ----------
128         2010        Infiniti    G37         128         1         
124         2015        Jeep        Wrangler    124         2         
15          2014        Audi        S4          120         3         
113         2012        Acura       Tsx sportw  116         4         
83          2014        Honda       Accord      112         5         
sqlite> SELECT * from orderedScores limit 5;[C[C[C[C[C[C[C[C;[KSELECT * from orderedScores limit 5;[K[K[K[K[K[K[K[K[K;
Car_ID      Year        Make        Model       Scores      Rank      
----------  ----------  ----------  ----------  ----------  ----------
128         2010        Infiniti    G37         128         1         
124         2015        Jeep        Wrangler    124         2         
15          2014        Audi        S4          120         3         
113         2012        Acura       Tsx sportw  116         4         
83          2014        Honda       Accord      112         5         
112         2008        Acura       TL          110         6         
65          2009        Honda       Fit         106         7         
50          2015        Acura       TLX         102         8         
31          2007        Honda       Fit         102         9         
91          2010        Mitsu       Lancer      102         10        
216         2007        Chrystler   300         96          11        
228         2010        Nissan      370         92          12        
175         2006        Honda       Civic       92          13        
126         2010        Volkswagen  Eos         92          14        
13          2016        Honda       Civic 1.5t  92          15        
127         2013        Acura       Tsx         86          16        
63          2010        Honda       Civic       86          17        
161         2012        Nissan      370z        84          18        
3           2011        Nissan      370         84          19        
180         2011        Volkswagen  Gti         82          20        
57          2015        Scion       Frs         80          21        
25          2012        Mercedes    C250        78          22        
106         2007        Acura       Tl type s   78          23        
36          2016        Subaru      WRX         74          24        
178         2009        Honda       Oddesy      72          25        
39          2011        Honda       Civic       72          26        
103         2010        Acura       Tsx         72          27        
84          2012        Mercedes    Cl63amg     70          28        
33          2015        Subaru      Sti         68          29        
30          2012        Hyundai     Celoster    66          30        
123         2006        Lexus       Sc430       66          31        
1051        2006        Acura       Tsx         66          32        
218         2010        Chevy       Camaro      64          33        
41          2012        Acura       Tsx         64          34        
158         2007        Nissan      350z        64          35        
48          2015        Acura       TLX         62          36        
21          2009        Subaru      WRX         62          37        
23          1998        Subaru      Legacy      62          38        
12          1990        Nissan      240         62          39        
38          2017        Hyundai     Elantra sp  62          40        
35          2016        Honda       Civic       60          41        
53          2013        Subaru      WRX         60          42        
142         1993        Toyota      Supra       58          43        
110         2011        Toyota      Camry       58          44        
156         2014        Volkswagen  Gli         56          45        
115         2001        Honda       Crv         56          46        
43          2011        Toyota      4 Runner    54          47        
37          2015        Subaru      Sti         54          48        
137         2017        Ford        Focus rs    54          49        
6           2016        Volkswagen  Golf r      54          50        
134         2013        Subaru      WRX         52          51        
225         2016        Acura       TLX         52          52        
51          2015        Subaru      WRX         50          53        
5           2003        Acura       Rsx         50          54        
170         2014        Chevy       Cruze       50          55        
189         2012        Toyota      Fj cruiser  50          56        
88          2008        Honda       Accord      48          57        
104         2014        Honda       Civic si    48          58        
52          2007        Mazda       Speed 3     48          59        
211         2004        Acura       Tsx         48          60        
232         2018        Subaru      WRX         46          61        
8           1991        Nissan      Skyline     44          62        
140         1995        Mitsu       Evo8        44          63        
Showcar     2014        Nissan      Gtr         44          64        
121         2012        Acura       TL          44          65        
118         1993        Honda       Civic       44          66        
9           1996        Nissan      240         44          67        
122         2011        Infiniti    M37s        44          68        
85          2017        Honda       Accord      42          69        
153         2017        Subaru      Brz         42          70        
56          2009        Volkswagen  Jetta       42          71        
49          1997        Acura       Integra     42          72        
45          2006        Acura       TL          42          73        
222         2015        Lexus       Is250       40          74        
207         1993        Honda       Civic eG    40          75        
176         2014        Mitsu       Lancer      40          76        
44          2018        Honda       Civic si    40          77        
19          2001        Mitsu       Evo7        40          78        
20          2009        Infiniti    G37         38          79        
99          2014        Honda       Civic si    38          80        
145         1990        Volkswagen  Gti         38          81        
179         2004        Volkswagen  R32         38          82        
18          2015        Audi        S3          38          83        
200         2016        Subaru      WRX         36          84        
162         2014        Nissan      370z        36          85        
78          2015        Mazda       6           36          86        
10          2001        Nissan      S15         34          87        
17          2016        Mercedes    C43         34          88        
4341        1992        Nissan      Rps13       32          89        
46          2008        Volkswagen  R32         32          90        
24          2013        Subaru      BRZ         32          91        
7           2014        Nissan      Sentra      30          92        
181         2003        Volkswagen  Gti         30          93        
120         2014        Ford        Focus st    30          94        
92          2017        Hyundai     Elantra sp  30          95        
11          1991        Nissan      Skyline     30          96        
59          2012        Volkswagen  Golf        28          97        
116         2008        Audi        A4          28          98        
238         1982        Volkswagen  Rabbit      28          99        
144         2016        Volkswagen  Gti         28          100       
14          1990        Nissan      Skyline     26          101       
98          2012        Mercedes    C63         26          102       
114         2010        Volkswagen  Gti         26          103       
219         2016        Ford        Focus rs    26          104       
141         1993        Mazda       Miata       26          105       
187         2007        Subaru      Legacy      26          106       
242         2014        Nissan      Maxima      26          107       
2           2016        Bmw         M2          24          108       
130         2016        Honda       Civic si    24          109       
241         2007        Toyota      Camry       24          110       
22          2007        Honda       Civic       24          111       
81          2016        Volkswagen  GTI         24          112       
163         2013        Mitsu       Ralliart    22          113       
93          2005        Acura       TL          22          114       
150         2006        Nissan      350z        22          115       
100         2006        Volvo       S60r        22          116       
172         2014        Bmw         4           22          117       
167         2016        Ford        Mystang     20          118       
230         2004        Acura       Tsx         20          119       
182         2012        Volkswagen  Cc          20          120       
235         2013        Scion       Frs         20          121       
79          1993        Mazda       Miata       18          122       
226         2008        Honda       Accord      18          123       
34          2010        Honda       Fit         18          124       
183         2005        Volkswagen  Jetta       16          125       
89          2014        Honda       Civic si    16          126       
Vip         2008        Volkswagen  Gli         16          127       
159         2013        Hyundai     Gen coupe   14          128       
67          2015        Subaru      Sti         14          129       
108         2013        Audi        S4          14          130       
220         2004        Audi        A4          14          131       
186         2012        Volkswagen  Gli         14          132       
4           2007        Honda       Civic       14          133       
193         2014        Nissan      Ssntra      14          134       
177         2005        Volkswagen  Jetta gli   12          135       
95          2004        Infiniti    G35         12          136       
76          2005        Subaru      Sti         12          137       
68          2013        Nissan      Altima      10          138       
102         2015        Honda       Accord      10          139       
111         2007        Bmw         328i        10          140       
243         2008        Toyota      Matrix      10          141       
16          2008        Nissan      350z        10          142       
96          2017        Volkswagen  Gti         10          143       
138         1990        Mazda       Miata       10          144       
94          2004        Volkswagen  Gti         10          145       
190         1995        Lexus       Sc300       10          146       
237         1987        Volkswagen  Jetta       10          147       
184         2010        Volkswagen  Cc          8           148       
42          2001        Dodge       Viper       8           149       
28          1995        Bmw         318xi       8           150       
185         2013        Volkswagen  Jett        8           151       
74          2015        Honda       Accord      8           152       
69          2018        Subaru      WRX         8           153       
86          1996        Volkswagen  Jetta       8           154       
1           2012        Subaru      WRX         6           155       
75          2012        Subaru      WRX         6           156       
212         2001        Lexus       Is300       6           157       
40          2007        Subaru      Legacy      6           158       
71          2008        Acura       TL          6           159       
64          2004        Subaru      Forester    6           160       
66          2010        Volkswagen  Gti         4           161       
72          2016        Honda       Civic si    4           162       
174         2006        Acura       Rsx         4           163       
197         2010        Audi        A4          2           164       
101         2014        Honda       Civic       0           165       
0           2015        Chevy       Camaro      0           166       
70          2014        Honda       Civic       0           167       
sqlite> --finished with first part of second lap[K[K[K[K[K[K[K[K[K[K[K[K[Kof question 2
sqlite> ^C
]0;Adnaan.Syed20@sol26:~/cisc3140/lab_2[Adnaan.Syed20@sol26 lab_2]$ //[K[K#finished with the second part [K[K[K[K[K[K[K[K[K[K[K[K[K[K[K[Kfirst part of question 2
]0;Adnaan.Syed20@sol26:~/cisc3140/lab_2[Adnaan.Syed20@sol26 lab_2]$ exit
exit

Script done on Tue 08 Mar 2022 08:23:35 PM EST
Script started on Tue 08 Mar 2022 08:25:56 PM EST
]0;Adnaan.Syed20@sol26:~/cisc3140/lab_2[?1034h[Adnaan.Syed20@sol26 lab_2]$ script[K[K[K[K[K[Ksqlite3 carContestLab.db 
SQLite version 3.7.17 2013-05-20 00:56:22
Enter ".help" for instructions
Enter SQL statements terminated with a ";"
[?1034hsqlite> ls[K[K.tables
Car_Score      Judges         csvData      
Cars           carRanks       orderedScores
sqlite> --forgot to move [K[K[K[K[K[K export the ordereded[K[K Scores to a csv file
sqlite> .HEA[K[K[Kheaders on 
sqlite> .mode csv
sqlite> .oup[Ktput lab2[K[K[K[Kextract1,csv[K[K[K[K.csv
sqlite> SLEC[K[K[KELECT * FROM ordereed[K[KdScores;
sqlite> exit
   ...> ;[K
Error: incomplete SQL: exit
]0;Adnaan.Syed20@sol26:~/cisc3140/lab_2[Adnaan.Syed20@sol26 lab_2]$ ls
carContestLab.db  [0m[38;5;27mdata_lab2[0m  extract1.csv  question1Log  question2Part2Log
]0;Adnaan.Syed20@sol26:~/cisc3140/lab_2[Adnaan.Syed20@sol26 lab_2]$ cat extract1.csv 
Car_ID,Year,Make,Model,Scores,Rank
128,2010,Infiniti,G37,128,1
124,2015,Jeep,Wrangler,124,2
15,2014,Audi,S4,120,3
113,2012,Acura,"Tsx sportwagon",116,4
83,2014,Honda,Accord,112,5
112,2008,Acura,TL,110,6
65,2009,Honda,Fit,106,7
50,2015,Acura,TLX,102,8
31,2007,Honda,Fit,102,9
91,2010,Mitsu,Lancer,102,10
216,2007,Chrystler,300,96,11
228,2010,Nissan,370,92,12
175,2006,Honda,Civic,92,13
126,2010,Volkswagen,Eos,92,14
13,2016,Honda,"Civic 1.5t",92,15
127,2013,Acura,Tsx,86,16
63,2010,Honda,Civic,86,17
161,2012,Nissan,370z,84,18
3,2011,Nissan,370,84,19
180,2011,Volkswagen,Gti,82,20
57,2015,Scion,Frs,80,21
25,2012,Mercedes,C250,78,22
106,2007,Acura,"Tl type s",78,23
36,2016,Subaru,WRX,74,24
178,2009,Honda,Oddesy,72,25
39,2011,Honda,Civic,72,26
103,2010,Acura,Tsx,72,27
84,2012,Mercedes,Cl63amg,70,28
33,2015,Subaru,Sti,68,29
30,2012,Hyundai,Celoster,66,30
123,2006,Lexus,Sc430,66,31
1051,2006,Acura,Tsx,66,32
218,2010,Chevy,Camaro,64,33
41,2012,Acura,Tsx,64,34
158,2007,Nissan,350z,64,35
48,2015,Acura,TLX,62,36
21,2009,Subaru,WRX,62,37
23,1998,Subaru,Legacy,62,38
12,1990,Nissan,240,62,39
38,2017,Hyundai,"Elantra sport",62,40
35,2016,Honda,Civic,60,41
53,2013,Subaru,WRX,60,42
142,1993,Toyota,Supra,58,43
110,2011,Toyota,Camry,58,44
156,2014,Volkswagen,Gli,56,45
115,2001,Honda,Crv,56,46
43,2011,Toyota,"4 Runner",54,47
37,2015,Subaru,Sti,54,48
137,2017,Ford,"Focus rs",54,49
6,2016,Volkswagen,"Golf r",54,50
134,2013,Subaru,WRX,52,51
225,2016,Acura,TLX,52,52
51,2015,Subaru,WRX,50,53
5,2003,Acura,Rsx,50,54
170,2014,Chevy,Cruze,50,55
189,2012,Toyota,"Fj cruiser",50,56
88,2008,Honda,Accord,48,57
104,2014,Honda,"Civic si",48,58
52,2007,Mazda,"Speed 3",48,59
211,2004,Acura,Tsx,48,60
232,2018,Subaru,WRX,46,61
8,1991,Nissan,Skyline,44,62
140,1995,Mitsu,Evo8,44,63
Showcar,2014,Nissan,Gtr,44,64
121,2012,Acura,TL,44,65
118,1993,Honda,Civic,44,66
9,1996,Nissan,240,44,67
122,2011,Infiniti,M37s,44,68
85,2017,Honda,Accord,42,69
153,2017,Subaru,Brz,42,70
56,2009,Volkswagen,Jetta,42,71
49,1997,Acura,Integra,42,72
45,2006,Acura,TL,42,73
222,2015,Lexus,Is250,40,74
207,1993,Honda,"Civic eG",40,75
176,2014,Mitsu,Lancer,40,76
44,2018,Honda,"Civic si",40,77
19,2001,Mitsu,Evo7,40,78
20,2009,Infiniti,G37,38,79
99,2014,Honda,"Civic si",38,80
145,1990,Volkswagen,Gti,38,81
179,2004,Volkswagen,R32,38,82
18,2015,Audi,S3,38,83
200,2016,Subaru,WRX,36,84
162,2014,Nissan,370z,36,85
78,2015,Mazda,6,36,86
10,2001,Nissan,S15,34,87
17,2016,Mercedes,C43,34,88
4341,1992,Nissan,Rps13,32,89
46,2008,Volkswagen,R32,32,90
24,2013,Subaru,BRZ,32,91
7,2014,Nissan,Sentra,30,92
181,2003,Volkswagen,Gti,30,93
120,2014,Ford,"Focus st",30,94
92,2017,Hyundai,"Elantra sport",30,95
11,1991,Nissan,Skyline,30,96
59,2012,Volkswagen,Golf,28,97
116,2008,Audi,A4,28,98
238,1982,Volkswagen,Rabbit,28,99
144,2016,Volkswagen,Gti,28,100
14,1990,Nissan,Skyline,26,101
98,2012,Mercedes,C63,26,102
114,2010,Volkswagen,Gti,26,103
219,2016,Ford,"Focus rs",26,104
141,1993,Mazda,Miata,26,105
187,2007,Subaru,Legacy,26,106
242,2014,Nissan,Maxima,26,107
2,2016,Bmw,M2,24,108
130,2016,Honda,"Civic si",24,109
241,2007,Toyota,Camry,24,110
22,2007,Honda,Civic,24,111
81,2016,Volkswagen,GTI,24,112
163,2013,Mitsu,Ralliart,22,113
93,2005,Acura,TL,22,114
150,2006,Nissan,350z,22,115
100,2006,Volvo,S60r,22,116
172,2014,Bmw,4,22,117
167,2016,Ford,Mystang,20,118
230,2004,Acura,Tsx,20,119
182,2012,Volkswagen,Cc,20,120
235,2013,Scion,Frs,20,121
79,1993,Mazda,Miata,18,122
226,2008,Honda,Accord,18,123
34,2010,Honda,Fit,18,124
183,2005,Volkswagen,Jetta,16,125
89,2014,Honda,"Civic si",16,126
Vip,2008,Volkswagen,Gli,16,127
159,2013,Hyundai,"Gen coupe",14,128
67,2015,Subaru,Sti,14,129
108,2013,Audi,S4,14,130
220,2004,Audi,A4,14,131
186,2012,Volkswagen,Gli,14,132
4,2007,Honda,Civic,14,133
193,2014,Nissan,Ssntra,14,134
177,2005,Volkswagen,"Jetta gli",12,135
95,2004,Infiniti,G35,12,136
76,2005,Subaru,Sti,12,137
68,2013,Nissan,Altima,10,138
102,2015,Honda,Accord,10,139
111,2007,Bmw,328i,10,140
243,2008,Toyota,Matrix,10,141
16,2008,Nissan,350z,10,142
96,2017,Volkswagen,Gti,10,143
138,1990,Mazda,Miata,10,144
94,2004,Volkswagen,Gti,10,145
190,1995,Lexus,Sc300,10,146
237,1987,Volkswagen,Jetta,10,147
184,2010,Volkswagen,Cc,8,148
42,2001,Dodge,Viper,8,149
28,1995,Bmw,318xi,8,150
185,2013,Volkswagen,Jett,8,151
74,2015,Honda,Accord,8,152
69,2018,Subaru,WRX,8,153
86,1996,Volkswagen,Jetta,8,154
1,2012,Subaru,WRX,6,155
75,2012,Subaru,WRX,6,156
212,2001,Lexus,Is300,6,157
40,2007,Subaru,Legacy,6,158
71,2008,Acura,TL,6,159
64,2004,Subaru,Forester,6,160
66,2010,Volkswagen,Gti,4,161
72,2016,Honda,"Civic si",4,162
174,2006,Acura,Rsx,4,163
197,2010,Audi,A4,2,164
101,2014,Honda,Civic,0,165
0,2015,Chevy,Camaro,0,166
70,2014,Honda,Civic,0,167
]0;Adnaan.Syed20@sol26:~/cisc3140/lab_2[Adnaan.Syed20@sol26 lab_2]$ jcl[K[K[Kclear
[3;J[H[2J]0;Adnaan.Syed20@sol26:~/cisc3140/lab_2[Adnaan.Syed20@sol26 lab_2]$ git push -a[KA
error: unknown switch `A'
usage: git push [<options>] [<repository> [<refspec>...]]

    -v, --verbose         be more verbose
    -q, --quiet           be more quiet
    --repo <repository>   repository
    --all                 push all refs
    --mirror              mirror all refs
    --delete              delete refs
    --tags                push tags (can't be used with --all or --mirror)
    -n, --dry-run         dry run
    --porcelain           machine-readable output
    -f, --force           force updates
    --recurse-submodules[=<check>]
                          control recursive pushing of submodules
    --thin                use thin pack
    --receive-pack <receive-pack>
                          receive pack program
    --exec <receive-pack>
                          receive pack program
    -u, --set-upstream    set upstream for git pull/status
    --progress            force progress reporting
    --prune               prune locally removed refs
    --no-verify           bypass pre-push hook
    --follow-tags         push missing but relevant tags

]0;Adnaan.Syed20@sol26:~/cisc3140/lab_2[Adnaan.Syed20@sol26 lab_2]$ git add -A
warning: The behavior of 'git add --all (or -A)' with no path argument from a
subdirectory of the tree will change in Git 2.0 and should not be used anymore.
To add content for the whole tree, run:

  git add --all :/
  (or git add -A :/)

To restrict the command to the current directory, run:

  git add --all .
  (or git add -A .)

With the current Git version, the command is restricted to the current directory.

]0;Adnaan.Syed20@sol26:~/cisc3140/lab_2[Adnaan.Syed20@sol26 lab_2]$ git comm[K[K[K[K[K[K[K[Kgit add --all
warning: The behavior of 'git add --all (or -A)' with no path argument from a
subdirectory of the tree will change in Git 2.0 and should not be used anymore.
To add content for the whole tree, run:

  git add --all :/
  (or git add -A :/)

To restrict the command to the current directory, run:

  git add --all .
  (or git add -A .)

With the current Git version, the command is restricted to the current directory.

]0;Adnaan.Syed20@sol26:~/cisc3140/lab_2[Adnaan.Syed20@sol26 lab_2]$ git status
# On branch main
# Changes to be committed:
#   (use "git reset HEAD <file>..." to unstage)
#
#	modified:   ../.gitmodules
#	new file:   carContestLab.db
#	new file:   data_lab2
#	new file:   extract1.csv
#	new file:   question1Log
#	new file:   question2Part2Log
#
# Changes not staged for commit:
#   (use "git add <file>..." to update what will be committed)
#   (use "git checkout -- <file>..." to discard changes in working directory)
#   (commit or discard the untracked or modified content in submodules)
#
#	modified:   ../lab_1/cars/Acura
#	modified:   ../lab_1/cars/Mazda
#	modified:   ../lab_1/cars/Nissan
#	modified:   ../lab_1/cars/Subaru
#	modified:   ../lab_1/part1
#	modified:   ../lab_1/part2
#	modified:   ../lab_1/sorted
#	modified:   data_lab2 (untracked content)
#
]0;Adnaan.Syed20@sol26:~/cisc3140/lab_2[Adnaan.Syed20@sol26 lab_2]$ git commit -m "Finished Part 1 and Beginning of Part 2"
[main 0ccaec2] Finished Part 1 and Beginning of Part 2
 6 files changed, 1323 insertions(+)
 create mode 100644 lab_2/carContestLab.db
 create mode 160000 lab_2/data_lab2
 create mode 100644 lab_2/extract1.csv
 create mode 100644 lab_2/question1Log
 create mode 100644 lab_2/question2Part2Log
]0;Adnaan.Syed20@sol26:~/cisc3140/lab_2[Adnaan.Syed20@sol26 lab_2]$ git status
# On branch main
# Your branch is ahead of 'origin/main' by 1 commit.
#   (use "git push" to publish your local commits)
#
# Changes not staged for commit:
#   (use "git add <file>..." to update what will be committed)
#   (use "git checkout -- <file>..." to discard changes in working directory)
#   (commit or discard the untracked or modified content in submodules)
#
#	modified:   ../lab_1/cars/Acura
#	modified:   ../lab_1/cars/Mazda
#	modified:   ../lab_1/cars/Nissan
#	modified:   ../lab_1/cars/Subaru
#	modified:   ../lab_1/part1
#	modified:   ../lab_1/part2
#	modified:   ../lab_1/sorted
#	modified:   data_lab2 (untracked content)
#
no changes added to commit (use "git add" and/or "git commit -a")
]0;Adnaan.Syed20@sol26:~/cisc3140/lab_2[Adnaan.Syed20@sol26 lab_2]$ git [K[K[K[Kgit add[K[K[K[K[K[K[Kcd ..
]0;Adnaan.Syed20@sol26:~/cisc3140[Adnaan.Syed20@sol26 cisc3140]$ git add -al[K
error: unknown switch `a'
usage: git add [options] [--] <pathspec>...

    -n, --dry-run         dry run
    -v, --verbose         be verbose

    -i, --interactive     interactive picking
    -p, --patch           select hunks interactively
    -e, --edit            edit current diff and apply
    -f, --force           allow adding otherwise ignored files
    -u, --update          update tracked files
    -N, --intent-to-add   record only the fact that the path will be added later
    -A, --all             add changes from all tracked and untracked files
    --ignore-removal      ignore paths removed in the working tree (same as --no-all)
    --refresh             don't add, only refresh the index
    --ignore-errors       just skip files which cannot be added because of errors
    --ignore-missing      check if - even missing - files are ignored in dry run

]0;Adnaan.Syed20@sol26:~/cisc3140[Adnaan.Syed20@sol26 cisc3140]$ git add -A
]0;Adnaan.Syed20@sol26:~/cisc3140[Adnaan.Syed20@sol26 cisc3140]$ git status
# On branch main
# Your branch is ahead of 'origin/main' by 1 commit.
#   (use "git push" to publish your local commits)
#
# Changes to be committed:
#   (use "git reset HEAD <file>..." to unstage)
#
#	modified:   lab_1/cars/Acura
#	modified:   lab_1/cars/Mazda
#	modified:   lab_1/cars/Nissan
#	modified:   lab_1/cars/Subaru
#	modified:   lab_1/part1
#	modified:   lab_1/part2
#	modified:   lab_1/sorted
#
# Changes not staged for commit:
#   (use "git add <file>..." to update what will be committed)
#   (use "git checkout -- <file>..." to discard changes in working directory)
#   (commit or discard the untracked or modified content in submodules)
#
#	modified:   lab_2/data_lab2 (untracked content)
#
]0;Adnaan.Syed20@sol26:~/cisc3140[Adnaan.Syed20@sol26 cisc3140]$ git push[K[K[K[K[K[K[K[Kgit add --[Kj[K0al[K[K[K-all
]0;Adnaan.Syed20@sol26:~/cisc3140[Adnaan.Syed20@sol26 cisc3140]$ git status 
# On branch main
# Your branch is ahead of 'origin/main' by 1 commit.
#   (use "git push" to publish your local commits)
#
# Changes to be committed:
#   (use "git reset HEAD <file>..." to unstage)
#
#	modified:   lab_1/cars/Acura
#	modified:   lab_1/cars/Mazda
#	modified:   lab_1/cars/Nissan
#	modified:   lab_1/cars/Subaru
#	modified:   lab_1/part1
#	modified:   lab_1/part2
#	modified:   lab_1/sorted
#
# Changes not staged for commit:
#   (use "git add <file>..." to update what will be committed)
#   (use "git checkout -- <file>..." to discard changes in working directory)
#   (commit or discard the untracked or modified content in submodules)
#
#	modified:   lab_2/data_lab2 (untracked content)
#
]0;Adnaan.Syed20@sol26:~/cisc3140[Adnaan.Syed20@sol26 cisc3140]$ git push[K[K[K[Kcommit '[K-m "finsihed [K[K[K[K[K[Kished a portion of the lab"
[main 41890a4] finished a portion of the lab
 7 files changed, 11 insertions(+), 11 deletions(-)
]0;Adnaan.Syed20@sol26:~/cisc3140[Adnaan.Syed20@sol26 cisc3140]$ git stats=[K[Kus
# On branch main
# Your branch is ahead of 'origin/main' by 2 commits.
#   (use "git push" to publish your local commits)
#
# Changes not staged for commit:
#   (use "git add <file>..." to update what will be committed)
#   (use "git checkout -- <file>..." to discard changes in working directory)
#   (commit or discard the untracked or modified content in submodules)
#
#	modified:   lab_2/data_lab2 (untracked content)
#
no changes added to commit (use "git add" and/or "git commit -a")
]0;Adnaan.Syed20@sol26:~/cisc3140[Adnaan.Syed20@sol26 cisc3140]$ git push
Username for 'https://github.com': syeadn2001
Password for 'https://syeadn2001@github.com': 
Counting objects: 30, done.
Delta compression using up to 8 threads.
Compressing objects:   5% (1/19)   Compressing objects:  10% (2/19)   Compressing objects:  15% (3/19)   Compressing objects:  21% (4/19)   Compressing objects:  26% (5/19)   Compressing objects:  31% (6/19)   Compressing objects:  36% (7/19)   Compressing objects:  42% (8/19)   Compressing objects:  47% (9/19)   Compressing objects:  52% (10/19)   Compressing objects:  57% (11/19)   Compressing objects:  63% (12/19)   Compressing objects:  68% (13/19)   Compressing objects:  73% (14/19)   Compressing objects:  78% (15/19)   Compressing objects:  84% (16/19)   Compressing objects:  89% (17/19)   Compressing objects:  94% (18/19)   Compressing objects: 100% (19/19)   Compressing objects: 100% (19/19), done.
Writing objects:   5% (1/19)   Writing objects:  10% (2/19)   Writing objects:  15% (3/19)   Writing objects:  21% (4/19)   Writing objects:  26% (5/19)   Writing objects:  31% (6/19)   Writing objects:  36% (7/19)   Writing objects:  42% (8/19)   Writing objects:  47% (9/19)   Writing objects:  52% (10/19)   Writing objects:  57% (11/19)   Writing objects:  63% (12/19)   Writing objects:  68% (13/19)   Writing objects:  73% (14/19)   Writing objects:  78% (15/19)   Writing objects:  84% (16/19)   Writing objects:  94% (18/19)   Writing objects: 100% (19/19)   Writing objects: 100% (19/19), 36.80 KiB | 0 bytes/s, done.
Total 19 (delta 12), reused 0 (delta 0)
remote: Resolving deltas:   0% (0/12)[Kremote: Resolving deltas:   8% (1/12)[Kremote: Resolving deltas:  16% (2/12)[Kremote: Resolving deltas:  25% (3/12)[Kremote: Resolving deltas:  33% (4/12)[Kremote: Resolving deltas:  41% (5/12)[Kremote: Resolving deltas:  50% (6/12)[Kremote: Resolving deltas:  58% (7/12)[Kremote: Resolving deltas:  66% (8/12)[Kremote: Resolving deltas:  75% (9/12)[Kremote: Resolving deltas:  83% (10/12)[Kremote: Resolving deltas:  91% (